remote: error: GH013: Repository rule violations found for refs/heads/main.        
remote: 
remote: - GITHUB PUSH PROTECTION        
remote:   —————————————————————————————————————————        
remote:     Resolve the following violations before pushing again        
remote: 
remote:     - Push cannot contain secrets        
remote: 
remote:             
remote:      (?) Learn how to resolve a blocked push        
remote:      https://docs.github.com/code-security/secret-scanning/working-with-secret-scanning-and-push-protection/working-with-push-protection-from-the-command-line#resolving-a-blocked-push        
remote:             
remote:             
remote:       —— GCP API Key Bound to a Service Account ————————————        
remote:        locations:        
remote:          - commit: feafb2576974179f4bd3e9bb243d4c68b715961d        
remote:            path: backend/.env.example:3        
remote:             
remote:        (?) To push, remove secret from commit(s) or follow this URL to allow the secret.        
remote:        https://github.com/yandisa2026/Overhear/security/secret-scanning/unblock-secret/3H53v9QHt9aUGau9SW8YuwrR9OS        
remote:             
remote: 
remote: 
To https://github.com/yandisa2026/Overhear.git
 ! [remote rejected] main -> main (push declined due to repository rule violations)
error: failed to push some refs to 'https://github.com/yandisa2026/Overhear.git'
